Configuring minion type as eval
Enabling checkin at boot
